Running Gradle task 'assembleDebug'...                             22.0s
ΓêÜ Built build\app\outputs\flutter-apk\app-debug.apk
